[seed 7] building dataset
[seed 7] dataset ready in 124.5s with 21,600 snapshots
[seed 7] training union_find
[seed 7] finished Union-Find detection oracle in 1.7s
[seed 7] training shallow
[seed 7] finished Shallow ML (MLP) in 12.2s
[seed 7] training kinetic_topoguard
[seed 7] finished Kinetic-TopoGuard in 337.5s
[seed 7] training GCN
[seed 7] finished GCN in 78.4s
[seed 7] training GAT
[seed 7] finished GAT in 196.5s
[seed 7] training GraphSAGE
[seed 7] finished GraphSAGE in 62.4s
[seed 7] training PI+MLP
[seed 7] finished PI+MLP in 12.4s
[seed 7] training FANET-TopoGNN
[seed 7] finished FANET-TopoGNN in 97.7s
[seed 7] training FANET-TopoGNN (concat)
[seed 7] finished FANET-TopoGNN (concat) in 83.0s
[seed 7] training tgcn:5
[seed 7] finished tgcn:5 in 141.9s
[seed 7] training stgcn:5
[seed 7] finished stgcn:5 in 135.7s
[seed 7] training tgn:5
[seed 7] finished tgn:5 in 129.7s
[seed 17] building dataset
[seed 17] dataset ready in 128.3s with 21,600 snapshots
[seed 17] training union_find
[seed 17] finished Union-Find detection oracle in 1.7s
[seed 17] training shallow
[seed 17] finished Shallow ML (MLP) in 10.7s
[seed 17] training kinetic_topoguard
[seed 17] finished Kinetic-TopoGuard in 336.1s
[seed 17] training GCN
[seed 17] finished GCN in 74.1s
[seed 17] training GAT
[seed 17] finished GAT in 219.1s
[seed 17] training GraphSAGE
[seed 17] finished GraphSAGE in 99.6s
[seed 17] training PI+MLP
[seed 17] finished PI+MLP in 13.4s
[seed 17] training FANET-TopoGNN
[seed 17] finished FANET-TopoGNN in 60.4s
[seed 17] training FANET-TopoGNN (concat)
[seed 17] finished FANET-TopoGNN (concat) in 73.5s
[seed 17] training tgcn:5
[seed 17] finished tgcn:5 in 60.5s
[seed 17] training stgcn:5
[seed 17] finished stgcn:5 in 154.3s
[seed 17] training tgn:5
[seed 17] finished tgn:5 in 200.3s
[seed 27] building dataset
[seed 27] dataset ready in 132.6s with 21,600 snapshots
[seed 27] training union_find
[seed 27] finished Union-Find detection oracle in 1.8s
[seed 27] training shallow
[seed 27] finished Shallow ML (GBR) in 9.3s
[seed 27] training kinetic_topoguard
[seed 27] finished Kinetic-TopoGuard in 350.4s
[seed 27] training GCN
[seed 27] finished GCN in 63.0s
[seed 27] training GAT
[seed 27] finished GAT in 144.5s
[seed 27] training GraphSAGE
[seed 27] finished GraphSAGE in 58.9s
[seed 27] training PI+MLP
[seed 27] finished PI+MLP in 10.4s
[seed 27] training FANET-TopoGNN
[seed 27] finished FANET-TopoGNN in 53.6s
[seed 27] training FANET-TopoGNN (concat)
[seed 27] finished FANET-TopoGNN (concat) in 54.3s
[seed 27] training tgcn:5
[seed 27] finished tgcn:5 in 207.8s
[seed 27] training stgcn:5
[seed 27] finished stgcn:5 in 76.4s
[seed 27] training tgn:5
[seed 27] finished tgn:5 in 71.5s
[run] completed in 4099.2s
{'experiment_name': 'q1_publication_compact', 'n_seeds': 3, 'total_snapshots': 64800, 'graph_policies': ['adaptive', 'fixed'], 'radio_scenarios': ['degraded', 'nominal'], 'forecast_horizon_steps': 6, 'best_model_by_mae': 'Union-Find detection oracle', 'best_model_by_lead': 'FANET-TopoGNN, PI+MLP', 'best_models_by_lead': ['FANET-TopoGNN', 'PI+MLP'], 'output_dir': 'outputs\\q1_publication_compact'}
