[seed 7] building dataset
[seed 7] dataset ready in 134.4s with 21,600 snapshots
[seed 7] training union_find
[seed 7] finished Union-Find detection oracle in 1.7s
[seed 7] training shallow
[seed 7] finished Shallow ML (MLP) in 13.7s
[seed 7] training GCN
[seed 7] finished GCN in 112.5s
[seed 7] training GAT
[seed 7] finished GAT in 298.3s
[seed 7] training GraphSAGE
[seed 7] finished GraphSAGE in 75.6s
[seed 7] training PI+MLP
[seed 7] finished PI+MLP in 14.3s
[seed 7] training FANET-TopoGNN
[seed 7] finished FANET-TopoGNN in 111.4s
[seed 7] training FANET-TopoGNN (concat)
[seed 7] finished FANET-TopoGNN (concat) in 91.3s
[seed 7] training tgcn:5
[seed 7] finished tgcn:5 in 170.1s
[seed 7] training stgcn:5
[seed 7] finished stgcn:5 in 150.8s
[seed 7] training tgn:5
[seed 7] finished tgn:5 in 153.7s
[seed 17] building dataset
[seed 17] dataset ready in 130.2s with 21,600 snapshots
[seed 17] training union_find
[seed 17] finished Union-Find detection oracle in 1.8s
[seed 17] training shallow
[seed 17] finished Shallow ML (MLP) in 10.5s
[seed 17] training GCN
[seed 17] finished GCN in 75.8s
[seed 17] training GAT
[seed 17] finished GAT in 251.5s
[seed 17] training GraphSAGE
[seed 17] finished GraphSAGE in 102.5s
[seed 17] training PI+MLP
[seed 17] finished PI+MLP in 32.5s
[seed 17] training FANET-TopoGNN
[seed 17] finished FANET-TopoGNN in 121.1s
[seed 17] training FANET-TopoGNN (concat)
[seed 17] finished FANET-TopoGNN (concat) in 134.4s
[seed 17] training tgcn:5
[seed 17] finished tgcn:5 in 108.9s
[seed 17] training stgcn:5
[seed 17] finished stgcn:5 in 230.8s
[seed 17] training tgn:5
[seed 17] finished tgn:5 in 254.5s
[seed 27] building dataset
[seed 27] dataset ready in 169.0s with 21,600 snapshots
[seed 27] training union_find
[seed 27] finished Union-Find detection oracle in 2.1s
[seed 27] training shallow
[seed 27] finished Shallow ML (GBR) in 11.2s
[seed 27] training GCN
[seed 27] finished GCN in 89.5s
[seed 27] training GAT
[seed 27] finished GAT in 234.0s
[seed 27] training GraphSAGE
[seed 27] finished GraphSAGE in 81.1s
[seed 27] training PI+MLP
[seed 27] finished PI+MLP in 16.9s
[seed 27] training FANET-TopoGNN
[seed 27] finished FANET-TopoGNN in 72.6s
[seed 27] training FANET-TopoGNN (concat)
[seed 27] finished FANET-TopoGNN (concat) in 79.3s
[seed 27] training tgcn:5
[seed 27] finished tgcn:5 in 195.2s
[seed 27] training stgcn:5
[seed 27] finished stgcn:5 in 67.6s
[seed 27] training tgn:5
[seed 27] finished tgn:5 in 77.8s
[run] completed in 3898.5s
{'experiment_name': 'q1_publication_compact', 'n_seeds': 3, 'total_snapshots': 64800, 'graph_policies': ['adaptive', 'fixed'], 'radio_scenarios': ['degraded', 'nominal'], 'forecast_horizon_steps': 6, 'best_model_by_mae': 'Union-Find detection oracle', 'best_model_by_lead': 'FANET-TopoGNN, PI+MLP', 'best_models_by_lead': ['FANET-TopoGNN', 'PI+MLP'], 'output_dir': 'outputs\\q1_publication_compact'}
