[seed 7] building dataset
[seed 7] dataset ready in 127.0s with 21,600 snapshots
[seed 7] training union_find
[seed 7] finished Union-Find detection oracle in 1.7s
[seed 7] training shallow
[seed 7] finished Shallow ML (MLP) in 12.3s
[seed 7] training GCN
[seed 7] finished GCN in 78.5s
[seed 7] training GAT
[seed 7] finished GAT in 195.6s
[seed 7] training GraphSAGE
[seed 7] finished GraphSAGE in 66.4s
[seed 7] training PI+MLP
[seed 7] finished PI+MLP in 11.4s
[seed 7] training FANET-TopoGNN
[seed 7] finished FANET-TopoGNN in 115.7s
[seed 7] training FANET-TopoGNN (concat)
[seed 7] finished FANET-TopoGNN (concat) in 96.5s
[seed 7] training tgcn:5
[seed 7] finished tgcn:5 in 140.7s
[seed 7] training stgcn:5
[seed 7] finished stgcn:5 in 113.6s
[seed 7] training tgn:5
[seed 7] finished tgn:5 in 101.7s
[seed 17] building dataset
[seed 17] dataset ready in 127.4s with 21,600 snapshots
[seed 17] training union_find
[seed 17] finished Union-Find detection oracle in 1.8s
[seed 17] training shallow
[seed 17] finished Shallow ML (MLP) in 10.6s
[seed 17] training GCN
[seed 17] finished GCN in 68.1s
[seed 17] training GAT
[seed 17] finished GAT in 204.4s
[seed 17] training GraphSAGE
[seed 17] finished GraphSAGE in 76.6s
[seed 17] training PI+MLP
[seed 17] finished PI+MLP in 14.5s
[seed 17] training FANET-TopoGNN
[seed 17] finished FANET-TopoGNN in 62.7s
[seed 17] training FANET-TopoGNN (concat)
[seed 17] finished FANET-TopoGNN (concat) in 66.7s
[seed 17] training tgcn:5
[seed 17] finished tgcn:5 in 48.9s
[seed 17] training stgcn:5
[seed 17] finished stgcn:5 in 62.4s
[seed 17] training tgn:5
[seed 17] finished tgn:5 in 80.7s
[seed 27] building dataset
[seed 27] dataset ready in 126.4s with 21,600 snapshots
[seed 27] training union_find
[seed 27] finished Union-Find detection oracle in 1.7s
[seed 27] training shallow
[seed 27] finished Shallow ML (GBR) in 8.5s
[seed 27] training GCN
[seed 27] finished GCN in 54.7s
[seed 27] training GAT
[seed 27] finished GAT in 126.4s
[seed 27] training GraphSAGE
[seed 27] finished GraphSAGE in 50.9s
[seed 27] training PI+MLP
[seed 27] finished PI+MLP in 8.8s
[seed 27] training FANET-TopoGNN
[seed 27] finished FANET-TopoGNN in 51.3s
[seed 27] training FANET-TopoGNN (concat)
[seed 27] finished FANET-TopoGNN (concat) in 47.5s
[seed 27] training tgcn:5
[seed 27] finished tgcn:5 in 123.2s
[seed 27] training stgcn:5
[seed 27] finished stgcn:5 in 53.3s
[seed 27] training tgn:5
[seed 27] finished tgn:5 in 85.8s
[run] completed in 2640.4s
{'experiment_name': 'q1_publication_compact', 'n_seeds': 3, 'total_snapshots': 64800, 'graph_policies': ['adaptive', 'fixed'], 'radio_scenarios': ['degraded', 'nominal'], 'forecast_horizon_steps': 6, 'best_model_by_mae': 'Union-Find detection oracle', 'best_model_by_lead': 'FANET-TopoGNN, PI+MLP, GraphSAGE, tgcn:5, tgn:5', 'best_models_by_lead': ['FANET-TopoGNN', 'PI+MLP', 'GraphSAGE', 'tgcn:5', 'tgn:5'], 'output_dir': 'outputs\\q1_publication_compact'}
